
/home/runner/work/exp-2d-demo-iiith/exp-2d-demo-iiith/experiment/simulation/js/main.js
    3:10   warning  'handleShapeAddition' is defined but never used   no-unused-vars
   21:3    warning  'noOfShapes' is not defined                       no-undef
   27:42   warning  'shapes' is not defined                           no-undef
   27:50   warning  'shapeList' is not defined                        no-undef
   27:61   warning  'shapeCount' is not defined                       no-undef
   27:73   warning  'scene' is not defined                            no-undef
   27:80   warning  'point' is not defined                            no-undef
   27:87   warning  'shapeVertex' is not defined                      no-undef
   27:100  warning  'dragX' is not defined                            no-undef
   27:107  warning  'dragY' is not defined                            no-undef
   27:114  warning  'dragZ' is not defined                            no-undef
   30:48   warning  'shapes' is not defined                           no-undef
   30:56   warning  'shapeList' is not defined                        no-undef
   30:67   warning  'shapeCount' is not defined                       no-undef
   30:79   warning  'scene' is not defined                            no-undef
   30:86   warning  'point' is not defined                            no-undef
   30:93   warning  'shapeVertex' is not defined                      no-undef
   30:106  warning  'dragX' is not defined                            no-undef
   30:113  warning  'dragY' is not defined                            no-undef
   30:120  warning  'dragZ' is not defined                            no-undef
   33:49   warning  'shapes' is not defined                           no-undef
   33:57   warning  'shapeList' is not defined                        no-undef
   33:68   warning  'shapeCount' is not defined                       no-undef
   33:80   warning  'scene' is not defined                            no-undef
   33:87   warning  'point' is not defined                            no-undef
   33:94   warning  'shapeVertex' is not defined                      no-undef
   33:107  warning  'dragX' is not defined                            no-undef
   33:114  warning  'dragY' is not defined                            no-undef
   33:121  warning  'dragZ' is not defined                            no-undef
   38:5    warning  'updateShapeList' is not defined                  no-undef
   38:21   warning  'shapeList' is not defined                        no-undef
  102:42   warning  'shapes' is not defined                           no-undef
  102:50   warning  'shapeList' is not defined                        no-undef
  102:61   warning  'shapeCount' is not defined                       no-undef
  102:73   warning  'scene' is not defined                            no-undef
  102:80   warning  'point' is not defined                            no-undef
  102:87   warning  'shapeVertex' is not defined                      no-undef
  102:100  warning  'dragX' is not defined                            no-undef
  102:107  warning  'dragY' is not defined                            no-undef
  102:114  warning  'dragZ' is not defined                            no-undef
  105:48   warning  'shapes' is not defined                           no-undef
  105:56   warning  'shapeList' is not defined                        no-undef
  105:67   warning  'shapeCount' is not defined                       no-undef
  105:79   warning  'scene' is not defined                            no-undef
  105:86   warning  'point' is not defined                            no-undef
  105:93   warning  'shapeVertex' is not defined                      no-undef
  105:106  warning  'dragX' is not defined                            no-undef
  105:113  warning  'dragY' is not defined                            no-undef
  105:120  warning  'dragZ' is not defined                            no-undef
  108:49   warning  'shapes' is not defined                           no-undef
  108:57   warning  'shapeList' is not defined                        no-undef
  108:68   warning  'shapeCount' is not defined                       no-undef
  108:80   warning  'scene' is not defined                            no-undef
  108:87   warning  'point' is not defined                            no-undef
  108:94   warning  'shapeVertex' is not defined                      no-undef
  108:107  warning  'dragX' is not defined                            no-undef
  108:114  warning  'dragY' is not defined                            no-undef
  108:121  warning  'dragZ' is not defined                            no-undef
  113:5    warning  'updateShapeList' is not defined                  no-undef
  113:21   warning  'shapeList' is not defined                        no-undef
  158:9    warning  'coordsArray' is assigned a value but never used  no-unused-vars
  176:20   warning  'shapes' is not defined                           no-undef
  179:5    warning  'scene' is not defined                            no-undef
  180:5    warning  'shapes' is not defined                           no-undef
  180:14   warning  'shapes' is not defined                           no-undef
  181:5    warning  'shapeList' is not defined                        no-undef
  181:17   warning  'shapeList' is not defined                        no-undef
  199:7    warning  'shapes' is not defined                           no-undef
  200:7    warning  'shapeList' is not defined                        no-undef
  201:7    warning  'shapeCount' is not defined                       no-undef
  202:7    warning  'scene' is not defined                            no-undef
  203:7    warning  'point' is not defined                            no-undef
  204:7    warning  'shapeVertex' is not defined                      no-undef
  205:7    warning  'dragX' is not defined                            no-undef
  206:7    warning  'dragY' is not defined                            no-undef
  207:7    warning  'dragZ' is not defined                            no-undef
  213:3    warning  'updateShapeList' is not defined                  no-undef
  213:19   warning  'shapeList' is not defined                        no-undef
  222:25   warning  'shapes' is not defined                           no-undef
  234:25   warning  'shapes' is not defined                           no-undef

/home/runner/work/exp-2d-demo-iiith/exp-2d-demo-iiith/experiment/simulation/js/materials.js
   4:10  warning  'vertexShader' is defined but never used    no-unused-vars
  15:10  warning  'fragmentShader' is defined but never used  no-unused-vars

/home/runner/work/exp-2d-demo-iiith/exp-2d-demo-iiith/experiment/simulation/js/mech_arm.js
  5:102  warning  'palm_pos' is defined but never used  no-unused-vars

/home/runner/work/exp-2d-demo-iiith/exp-2d-demo-iiith/experiment/simulation/js/shapes.js
   95:3  warning  'point' is defined but never used        no-unused-vars
   96:3  warning  'shapeVertex' is defined but never used  no-unused-vars
   97:3  warning  'dragX' is defined but never used        no-unused-vars
   98:3  warning  'dragY' is defined but never used        no-unused-vars
   99:3  warning  'dragZ' is defined but never used        no-unused-vars
  184:3  warning  'point' is defined but never used        no-unused-vars
  185:3  warning  'shapeVertex' is defined but never used  no-unused-vars
  186:3  warning  'dragX' is defined but never used        no-unused-vars
  187:3  warning  'dragY' is defined but never used        no-unused-vars
  188:3  warning  'dragZ' is defined but never used        no-unused-vars
  273:3  warning  'point' is defined but never used        no-unused-vars
  274:3  warning  'shapeVertex' is defined but never used  no-unused-vars
  275:3  warning  'dragX' is defined but never used        no-unused-vars
  276:3  warning  'dragY' is defined but never used        no-unused-vars
  277:3  warning  'dragZ' is defined but never used        no-unused-vars

/home/runner/work/exp-2d-demo-iiith/exp-2d-demo-iiith/experiment/simulation/main.js
   10:10  warning  'Triangle' is defined but never used                no-unused-vars
   12:7   warning  'moveButton' is assigned a value but never used     no-unused-vars
   13:7   warning  'modalbutton1' is assigned a value but never used   no-unused-vars
   23:5   warning  'modalAdd' is assigned a value but never used       no-unused-vars
   25:7   warning  'spanEditModal' is assigned a value but never used  no-unused-vars
   48:5   warning  'frames' is assigned a value but never used         no-unused-vars
   55:3   warning  'rot' is assigned a value but never used            no-unused-vars
   56:3   warning  'variable' is assigned a value but never used       no-unused-vars
   57:3   warning  'vargrid1' is assigned a value but never used       no-unused-vars
   58:3   warning  'vargrid2' is assigned a value but never used       no-unused-vars
   59:3   warning  'vargrid3' is assigned a value but never used       no-unused-vars
   67:3   warning  'lock' is assigned a value but never used           no-unused-vars
   68:3   warning  'dir' is assigned a value but never used            no-unused-vars
  311:28  warning  'line' is defined but never used                    no-unused-vars
  311:34  warning  'coordsArray' is defined but never used             no-unused-vars
  315:48  warning  'handleEditConfirmation' is not defined             no-undef
  339:45  warning  'handleEditConfirmation' is not defined             no-undef
  343:5   warning  'buttons' is assigned a value but never used        no-unused-vars
  435:5   warning  'noOfShapes' is assigned a value but never used     no-unused-vars
  483:5   warning  'xcomp' is assigned a value but never used          no-unused-vars
  484:3   warning  'ycomp' is assigned a value but never used          no-unused-vars
  485:3   warning  'zcomp' is assigned a value but never used          no-unused-vars
  487:5   warning  'present_theta' is assigned a value but never used  no-unused-vars
  488:5   warning  'total_angle' is assigned a value but never used    no-unused-vars
  627:10  warning  'applyRotation' is defined but never used           no-unused-vars
  700:7   warning  Unexpected lexical declaration in case block        no-case-declarations
  701:7   warning  Unexpected lexical declaration in case block        no-case-declarations
  702:7   warning  Unexpected lexical declaration in case block        no-case-declarations
  705:7   warning  Unexpected lexical declaration in case block        no-case-declarations
  721:7   warning  Unexpected lexical declaration in case block        no-case-declarations
  731:7   warning  Unexpected lexical declaration in case block        no-case-declarations
  732:7   warning  Unexpected lexical declaration in case block        no-case-declarations
  733:7   warning  Unexpected lexical declaration in case block        no-case-declarations
  736:7   warning  Unexpected lexical declaration in case block        no-case-declarations
  754:7   warning  Unexpected lexical declaration in case block        no-case-declarations
  755:7   warning  Unexpected lexical declaration in case block        no-case-declarations
  764:7   warning  Unexpected lexical declaration in case block        no-case-declarations
  768:7   warning  Unexpected lexical declaration in case block        no-case-declarations
  780:7   warning  Unexpected lexical declaration in case block        no-case-declarations

✖ 137 problems (0 errors, 137 warnings)

