
/home/chirag/Desktop/ALL-VLABS-EXP-Deployable/exp-2d-demo-iiith/experiment/simulation/js/mech_arm.js
  5:102  warning  'palm_pos' is defined but never used  no-unused-vars

/home/chirag/Desktop/ALL-VLABS-EXP-Deployable/exp-2d-demo-iiith/experiment/simulation/main.js
   11:10  warning  'Triangle' is defined but never used                no-unused-vars
   13:7   warning  'moveButton' is assigned a value but never used     no-unused-vars
   14:7   warning  'modalbutton1' is assigned a value but never used   no-unused-vars
   24:5   warning  'modalAdd' is assigned a value but never used       no-unused-vars
   25:5   warning  'modalEdit' is assigned a value but never used      no-unused-vars
   26:5   warning  'spanEditModal' is assigned a value but never used  no-unused-vars
   54:3   warning  'rot' is assigned a value but never used            no-unused-vars
   55:3   warning  'variable' is assigned a value but never used       no-unused-vars
   56:3   warning  'vargrid1' is assigned a value but never used       no-unused-vars
   57:3   warning  'vargrid2' is assigned a value but never used       no-unused-vars
   58:3   warning  'vargrid3' is assigned a value but never used       no-unused-vars
   66:3   warning  'lock' is assigned a value but never used           no-unused-vars
   67:3   warning  'dir' is assigned a value but never used            no-unused-vars
   68:3   warning  'arrowHelper' is assigned a value but never used    no-unused-vars
  407:5   warning  'buttons' is assigned a value but never used        no-unused-vars
  497:5   warning  'noOfShapes' is assigned a value but never used     no-unused-vars
  912:9   warning  'gridHelper' is assigned a value but never used     no-unused-vars
  913:9   warning  'count' is assigned a value but never used          no-unused-vars

✖ 19 problems (0 errors, 19 warnings)

